{"level":"error","message":"Email ini sudah terdaftar","method":"POST","stack":"Error: Email ini sudah terdaftar\n    at register (/Volumes/MyDrive/Programming/CodeDev/xl/G-NEXA/apps/services/users/src/services/user.service.ts:10:19)\n    at processTicksAndRejections (native:7:39)","statusCode":400,"timestamp":"2026-01-18 22:37:43","url":"/api/test"}
{"level":"error","message":"Email ini sudah terdaftar","method":"POST","stack":"Error: Email ini sudah terdaftar\n    at register (/Volumes/MyDrive/Programming/CodeDev/xl/G-NEXA/apps/services/users/src/services/user.service.ts:10:19)\n    at processTicksAndRejections (native:7:39)","statusCode":400,"timestamp":"2026-01-18 22:39:07","url":"/api/test"}
{"level":"error","message":"Email ini sudah terdaftar","method":"POST","stack":"Error: Email ini sudah terdaftar\n    at register (/Volumes/MyDrive/Programming/CodeDev/xl/G-NEXA/apps/services/users/src/services/user.service.ts:10:19)\n    at processTicksAndRejections (native:7:39)","statusCode":400,"timestamp":"2026-01-18 22:39:25","url":"/api/test"}
{"level":"error","message":"Email ini sudah terdaftar","method":"POST","stack":"Error: Email ini sudah terdaftar\n    at register (/Volumes/MyDrive/Programming/CodeDev/xl/G-NEXA/apps/services/users/src/services/user.service.ts:10:19)\n    at processTicksAndRejections (native:7:39)","statusCode":400,"timestamp":"2026-01-18 22:42:58","url":"/api/test"}
{"bio":"Seorang pengembang web yang suka kopi.","created_at":"2023-01-15T08:00:00.000Z","email":"budi.santoso@example.com","full_name":"Budi Santoso","id":"user-001","level":"info","message":"User Created","password":"hashed_password_123","phone_number":"081234567890","profile_picture":"https://api.dicebear.com/7.x/avataaars/svg?seed=Budi","role":"BUYER","timestamp":"2026-01-18 22:48:45","updated_at":"2023-01-15T08:00:00.000Z"}
{"level":"error","message":"Email ini sudah terdaftar","method":"POST","stack":"Error: Email ini sudah terdaftar\n    at register (/Volumes/MyDrive/Programming/CodeDev/xl/G-NEXA/apps/services/users/src/services/user.service.ts:11:19)\n    at processTicksAndRejections (native:7:39)","statusCode":400,"timestamp":"2026-01-18 22:50:54","url":"/api/test"}
{"bio":"Seorang pengembang web yang suka kopi.","created_at":"2023-01-15T08:00:00.000Z","email":"budi.santoso@example.com","full_name":"Budi Santoso","id":"user-001","level":"info","message":"User Created","password":"hashed_password_123","phone_number":"081234567890","profile_picture":"https://api.dicebear.com/7.x/avataaars/svg?seed=Budi","role":"BUYER","timestamp":"2026-01-18 22:51:31","updated_at":"2023-01-15T08:00:00.000Z"}
{"id":"user-001","level":"info","message":"User Created","timestamp":"2026-01-18 22:52:51"}
{"level":"error","message":"This Email Already Registered","method":"POST","stack":"Error: This Email Already Registered\n    at register (/Volumes/MyDrive/Programming/CodeDev/xl/G-NEXA/apps/services/users/src/services/user.service.ts:11:19)\n    at processTicksAndRejections (native:7:39)","statusCode":400,"timestamp":"2026-01-18 22:55:51","url":"/api/test"}
{"level":"error","message":{"method":"POST","stack":"Error: This Email Already Registered\n    at register (/Volumes/MyDrive/Programming/CodeDev/xl/G-NEXA/apps/services/users/src/services/user.service.ts:11:19)\n    at processTicksAndRejections (native:7:39)","statusCode":400,"url":"/api/test"},"timestamp":"2026-01-18 22:56:58"}
{"level":"error","message":{"method":"POST","statusCode":500,"url":"/api/register"},"timestamp":"2026-01-18 23:11:21"}
{"level":"error","message":{"method":"POST","stack":"PrismaClientKnownRequestError: \nInvalid `prisma.user.create()` invocation in\n/Volumes/MyDrive/Programming/CodeDev/xl/G-NEXA/apps/services/users/src/repository/user.repository.ts:8:32\n\n  5 export default {\n  6   async createUser(user: Prisma.UserCreateInput) {\n  7     try {\n→ 8       return await prisma.user.create(\nUnique constraint failed on the fields: (`phone_number`)\n    at handleRequestError (/Volumes/MyDrive/Programming/CodeDev/xl/G-NEXA/apps/services/users/node_modules/@prisma/client/runtime/library.mjs:128:7272)\n    at handleAndLogRequestError (/Volumes/MyDrive/Programming/CodeDev/xl/G-NEXA/apps/services/users/node_modules/@prisma/client/runtime/library.mjs:128:6593)\n    at request (/Volumes/MyDrive/Programming/CodeDev/xl/G-NEXA/apps/services/users/node_modules/@prisma/client/runtime/library.mjs:128:6300)\n    at processTicksAndRejections (native:7:39)","statusCode":500,"url":"/api/register"},"timestamp":"2026-01-18 23:12:29"}
{"level":"info","message":"User Created","timestamp":"2026-01-18 23:13:39","userId":"f8699082-b0c3-4a40-ad5c-0b32f6cf6800"}
{"level":"error","message":{"method":"POST","stack":"Error: This Email Already Registered\n    at register (/Volumes/MyDrive/Programming/CodeDev/xl/G-NEXA/apps/services/users/src/services/user.service.ts:11:19)\n    at processTicksAndRejections (native:7:39)","statusCode":400,"url":"/api/register"},"timestamp":"2026-01-18 23:15:20"}
{"level":"error","message":{"method":"POST","stack":"PrismaClientKnownRequestError: \nInvalid `prisma.user.create()` invocation in\n/Volumes/MyDrive/Programming/CodeDev/xl/G-NEXA/apps/services/users/src/repository/user.repository.ts:8:32\n\n  5 export default {\n  6   async createUser(user: Prisma.UserCreateInput) {\n  7     try {\n→ 8       return await prisma.user.create(\nUnique constraint failed on the fields: (`phone_number`)\n    at handleRequestError (/Volumes/MyDrive/Programming/CodeDev/xl/G-NEXA/apps/services/users/node_modules/@prisma/client/runtime/library.mjs:128:7272)\n    at handleAndLogRequestError (/Volumes/MyDrive/Programming/CodeDev/xl/G-NEXA/apps/services/users/node_modules/@prisma/client/runtime/library.mjs:128:6593)\n    at request (/Volumes/MyDrive/Programming/CodeDev/xl/G-NEXA/apps/services/users/node_modules/@prisma/client/runtime/library.mjs:128:6300)\n    at processTicksAndRejections (native:7:39)","statusCode":500,"url":"/api/register"},"timestamp":"2026-01-18 23:15:32"}
{"level":"error","message":{"method":"POST","stack":"Error: This Email Already Registered\n    at register (/Volumes/MyDrive/Programming/CodeDev/xl/G-NEXA/apps/services/users/src/services/user.service.ts:14:19)\n    at processTicksAndRejections (native:7:39)","statusCode":400,"url":"/api/register"},"timestamp":"2026-01-18 23:20:40"}
{"level":"error","message":{"method":"POST","stack":"Error: This Email or Phone Number Already Registered\n    at register (/Volumes/MyDrive/Programming/CodeDev/xl/G-NEXA/apps/services/users/src/services/user.service.ts:15:19)\n    at processTicksAndRejections (native:7:39)","statusCode":400,"url":"/api/register"},"timestamp":"2026-01-18 23:26:30"}
{"level":"error","message":{"method":"POST","stack":"Error: This Email or Phone Number Already Registered\n    at register (/Volumes/MyDrive/Programming/CodeDev/xl/G-NEXA/apps/services/users/src/services/user.service.ts:15:19)\n    at processTicksAndRejections (native:7:39)","statusCode":400,"url":"/api/register"},"timestamp":"2026-01-18 23:26:41"}
{"level":"info","message":"User Created","timestamp":"2026-01-18 23:26:44","userId":"d80acc0c-3b8c-477a-bfaf-ed2c973a9c15"}
{"level":"info","message":"User Created","timestamp":"2026-01-18 23:27:07","userId":"0075adb4-f8b9-4ee6-a620-cb18052d55df"}
{"level":"error","message":{"method":"POST","statusCode":500,"url":"/api/register"},"timestamp":"2026-01-18 23:39:36"}
{"level":"error","message":{"method":"POST","statusCode":500,"url":"/api/register"},"timestamp":"2026-01-18 23:40:43"}
{"level":"error","message":{"method":"POST","statusCode":500,"url":"/api/register"},"timestamp":"2026-01-18 23:43:48"}
{"level":"error","message":{"method":"POST","statusCode":500,"url":"/api/register"},"timestamp":"2026-01-18 23:43:53"}
{"level":"info","message":"User Created","timestamp":"2026-01-18 23:45:14","userId":"58a1e858-2393-4e84-8e6c-6ddb08f40f0e"}
{"level":"error","message":{"method":"POST","stack":"Error: This Email or Phone Number Already Registered\n    at register (/Volumes/MyDrive/Programming/CodeDev/xl/G-NEXA/apps/services/users/src/services/user.service.ts:15:19)\n    at processTicksAndRejections (native:7:39)","statusCode":400,"url":"/api/register"},"timestamp":"2026-01-18 23:45:34"}
{"level":"info","message":"User Created","timestamp":"2026-01-18 23:52:01","userId":"719073f4-ad6f-443b-962e-7098cdb3800f"}
{"level":"error","message":{"method":"POST","statusCode":500,"url":"/api/register"},"timestamp":"2026-01-19 00:04:49"}
{"level":"error","message":{"method":"POST","statusCode":500,"url":"/api/register"},"timestamp":"2026-01-19 00:04:56"}
{"level":"error","message":{"method":"POST","statusCode":500,"url":"/api/register"},"timestamp":"2026-01-19 00:05:11"}
{"level":"error","message":{"method":"POST","statusCode":500,"url":"/api/register"},"timestamp":"2026-01-19 00:05:33"}
{"level":"error","message":{"method":"POST","statusCode":500,"url":"/api/register"},"timestamp":"2026-01-19 00:07:36"}
{"level":"error","message":{"method":"POST","statusCode":400,"url":"/api/register"},"timestamp":"2026-01-19 00:09:07"}
{"level":"error","message":{"method":"GET","statusCode":400,"url":"/api/login"},"timestamp":"2026-01-19 00:39:00"}
{"level":"info","message":"GET /login 404 144 - 3.821 ms","timestamp":"2026-01-19 01:15:05"}
{"level":"info","message":"GET /login 404 144 - 0.596 ms","timestamp":"2026-01-19 01:15:15"}
{"level":"info","message":"GET /login 404 144 - 0.950 ms","timestamp":"2026-01-19 01:15:34"}
{"level":"error","message":{"method":"GET","stack":"Error: Email and Password Not Match\n    at login (/Volumes/MyDrive/Programming/CodeDev/xl/G-NEXA/apps/services/users/src/services/auth.service.ts:56:19)\n    at processTicksAndRejections (native:7:39)","statusCode":401,"url":"/login"},"timestamp":"2026-01-19 01:20:41"}
{"level":"error","message":{"method":"GET","stack":"Error: Email Not Registered\n    at login (/Volumes/MyDrive/Programming/CodeDev/xl/G-NEXA/apps/services/users/src/services/auth.service.ts:47:19)\n    at processTicksAndRejections (native:7:39)","statusCode":401,"url":"/login"},"timestamp":"2026-01-19 01:20:52"}
{"level":"error","message":{"method":"PUT","statusCode":400,"url":"/api/update-user"},"timestamp":"2026-01-19 15:57:01"}
{"level":"error","message":{"method":"POST","statusCode":400,"url":"/register"},"timestamp":"2026-01-19 16:01:19"}
{"level":"info","message":"User Created","timestamp":"2026-01-19 16:01:34","userId":"e12299ca-9dd7-4a3c-8632-ec8be72521c4"}
{"level":"error","message":{"method":"POST","stack":"Error: This Email or Phone Number Already Registered\n    at register (/Volumes/MyDrive/Programming/CodeDev/xl/G-NEXA/apps/services/users/src/services/auth.service.ts:18:19)\n    at processTicksAndRejections (native:7:39)","statusCode":400,"url":"/register"},"timestamp":"2026-01-19 20:42:48"}
{"level":"error","message":{"method":"POST","statusCode":400,"url":"/register"},"timestamp":"2026-01-19 20:42:55"}
{"level":"info","message":"User Created","timestamp":"2026-01-19 20:43:09","userId":"85d54fe6-fb67-43e5-9f49-d24baf9c6bce"}
{"level":"error","message":{"method":"POST","stack":"Error: This Email or Phone Number Already Registered\n    at register (/Volumes/MyDrive/Programming/CodeDev/xl/G-NEXA/apps/services/users/src/services/auth.service.ts:18:19)\n    at processTicksAndRejections (native:7:39)","statusCode":400,"url":"/register"},"timestamp":"2026-01-19 20:46:04"}
{"level":"info","message":"User Created","timestamp":"2026-01-19 20:48:16","userId":"1bd6729d-fdc1-46f6-b6bf-e32a8149ac88"}
{"level":"error","message":{"method":"POST","stack":"Error: This Email or Phone Number Already Registered\n    at register (/Volumes/MyDrive/Programming/CodeDev/xl/G-NEXA/apps/services/users/src/services/auth.service.ts:18:19)\n    at processTicksAndRejections (native:7:39)","statusCode":400,"url":"/register"},"timestamp":"2026-01-19 20:48:51"}
{"level":"error","message":{"method":"GET","statusCode":400,"url":"/login"},"timestamp":"2026-01-19 20:51:10"}
{"level":"info","message":"GET /login 400 151 - 13.129 ms","timestamp":"2026-01-19 20:51:10"}
{"level":"error","message":{"method":"GET","statusCode":400,"url":"/login"},"timestamp":"2026-01-19 20:51:50"}
{"level":"info","message":"GET /login 400 151 - 2.257 ms","timestamp":"2026-01-19 20:51:50"}
{"level":"error","message":{"method":"GET","statusCode":400,"url":"/login"},"timestamp":"2026-01-19 20:54:22"}
{"level":"info","message":"GET /login 400 151 - 2.238 ms","timestamp":"2026-01-19 20:54:22"}
{"level":"error","message":{"method":"GET","statusCode":400,"url":"/login"},"timestamp":"2026-01-19 20:54:30"}
{"level":"info","message":"GET /login 400 151 - 11.443 ms","timestamp":"2026-01-19 20:54:30"}
{"level":"error","message":{"method":"GET","statusCode":400,"url":"/login"},"timestamp":"2026-01-19 20:54:33"}
{"level":"info","message":"GET /login 400 151 - 0.935 ms","timestamp":"2026-01-19 20:54:33"}
{"level":"error","message":{"method":"GET","statusCode":400,"url":"/login"},"timestamp":"2026-01-19 20:55:15"}
{"level":"info","message":"GET /login 400 151 - 5.424 ms","timestamp":"2026-01-19 20:55:15"}
{"level":"error","message":{"method":"GET","statusCode":400,"url":"/login"},"timestamp":"2026-01-19 20:55:16"}
{"level":"info","message":"GET /login 400 151 - 0.859 ms","timestamp":"2026-01-19 20:55:16"}
{"level":"error","message":{"method":"GET","statusCode":400,"url":"/login"},"timestamp":"2026-01-19 20:55:43"}
{"level":"info","message":"GET /login 400 151 - 15.121 ms","timestamp":"2026-01-19 20:55:43"}
{"level":"error","message":{"method":"GET","statusCode":400,"url":"/login"},"timestamp":"2026-01-19 20:56:13"}
{"level":"info","message":"GET /login 400 151 - 2.455 ms","timestamp":"2026-01-19 20:56:13"}
{"level":"error","message":{"method":"POST","statusCode":400,"url":"/register"},"timestamp":"2026-01-19 20:56:27"}
{"level":"info","message":"POST /register 400 151 - 3.229 ms","timestamp":"2026-01-19 20:56:27"}
{"level":"error","message":{"method":"POST","statusCode":400,"url":"/register"},"timestamp":"2026-01-19 20:56:30"}
{"level":"info","message":"POST /register 400 151 - 0.863 ms","timestamp":"2026-01-19 20:56:30"}
{"level":"error","message":{"method":"POST","statusCode":400,"url":"/register"},"timestamp":"2026-01-19 20:56:49"}
{"level":"info","message":"POST /register 400 151 - 18.587 ms","timestamp":"2026-01-19 20:56:49"}
{"level":"error","message":{"method":"POST","statusCode":400,"url":"/register"},"timestamp":"2026-01-19 20:56:57"}
{"level":"info","message":"POST /register 400 151 - 1.238 ms","timestamp":"2026-01-19 20:56:57"}
{"level":"error","message":{"method":"GET","statusCode":400,"url":"/login"},"timestamp":"2026-01-19 20:57:32"}
{"level":"info","message":"GET /login 400 151 - 6.415 ms","timestamp":"2026-01-19 20:57:32"}
{"level":"info","message":"GET /login 200 308 - 827.006 ms","timestamp":"2026-01-19 20:58:43"}
{"level":"error","message":{"method":"POST","stack":"Error: This Email or Phone Number Already Registered\n    at register (/Volumes/MyDrive/Programming/CodeDev/xl/G-NEXA/apps/services/users/src/services/auth.service.ts:18:19)\n    at processTicksAndRejections (native:7:39)","statusCode":400,"url":"/register"},"timestamp":"2026-01-19 20:58:50"}
{"level":"info","message":"POST /register 400 93 - 560.373 ms","timestamp":"2026-01-19 20:58:50"}
{"level":"info","message":"GET /login 200 308 - 738.934 ms","timestamp":"2026-01-19 20:59:16"}
{"level":"info","message":"User Login","timestamp":"2026-01-19 21:06:18","userId":"budi.pembflfdiff@example.com"}
{"level":"info","message":"GET /login 200 308 - 5928.303 ms","timestamp":"2026-01-19 21:06:18"}
{"level":"info","message":"User Success Login","timestamp":"2026-01-19 21:07:37","userEmail":"budi.pembflfdiff@example.com"}
{"level":"info","message":"GET /login 200 308 - 1394.917 ms","timestamp":"2026-01-19 21:07:37"}
{"level":"info","message":"User Success Login","timestamp":"2026-01-29 15:59:28","userEmail":"budi.pembflfdiff@example.com"}
{"level":"info","message":"GET /login 200 308 - 750.126 ms","timestamp":"2026-01-29 15:59:28"}
{"level":"info","message":"User Success Login","timestamp":"2026-01-29 16:12:31","userEmail":"budi.pembflfdiff@example.com"}
{"level":"info","message":"GET /login 200 308 - 789.824 ms","timestamp":"2026-01-29 16:12:31"}
{"level":"info","message":"User Success Login","timestamp":"2026-01-29 16:25:16","userEmail":"budi.pembflfdiff@example.com"}
{"level":"info","message":"GET /login 200 321 - 786.288 ms","timestamp":"2026-01-29 16:25:16"}
{"level":"info","message":"User Success Login","timestamp":"2026-02-04 14:51:26","userEmail":"budi.pembflfdiff@example.com"}
{"level":"info","message":"GET /login 200 348 - 827.329 ms","timestamp":"2026-02-04 14:51:26"}
{"level":"info","message":"User Success Login","timestamp":"2026-02-04 14:56:25","userEmail":"budi.pembflfdiff@example.com"}
{"level":"info","message":"GET /login 200 348 - 2627.271 ms","timestamp":"2026-02-04 14:56:25"}
{"level":"info","message":"GET / 200 43 - 15.065 ms","timestamp":"2026-02-04 15:21:51"}
{"level":"info","message":"GET /favicon.ico 404 150 - 15.455 ms","timestamp":"2026-02-04 15:21:52"}
{"level":"error","message":{"method":"POST","stack":"PrismaClientKnownRequestError: \nInvalid `prisma.user.findFirst()` invocation in\n/app/src/repository/user.repository.ts:12:30\n\n   9   }\n  10 },\n  11 async findUserByEmailOrPhone(email: string, phoneNumber?: string | null) {\n→ 12   return await prisma.user.findFirst(\nThe table `public.users` does not exist in the current database.\n    at handleRequestError (/app/node_modules/@prisma/client/runtime/library.mjs:128:7272)\n    at handleAndLogRequestError (/app/node_modules/@prisma/client/runtime/library.mjs:128:6593)\n    at request (/app/node_modules/@prisma/client/runtime/library.mjs:128:6300)\n    at processTicksAndRejections (native:7:39)","statusCode":500,"url":"/register"},"timestamp":"2026-02-10 08:49:11"}
{"level":"info","message":"POST /register 400 108 - 118.569 ms","timestamp":"2026-02-10 08:49:11"}
{"level":"info","message":"User Created","timestamp":"2026-02-10 08:53:03","userId":"e23af582-842c-4c98-b383-a3b905f65673"}
{"level":"info","message":"POST /register 201 395 - 142.445 ms","timestamp":"2026-02-10 08:53:03"}
{"level":"info","message":"User Success Login","timestamp":"2026-02-10 08:53:13","userEmail":"budi.pembflfdiff@example.com"}
{"level":"info","message":"GET /login 200 348 - 102.437 ms","timestamp":"2026-02-10 08:53:13"}
{"level":"info","message":"GET /api/me 401 60 - 9.738 ms","timestamp":"2026-02-10 08:53:47"}
{"level":"info","message":"Succes get data User","timestamp":"2026-02-10 08:54:08"}
{"level":"info","message":"GET /api/me 200 72 - 28.238 ms","timestamp":"2026-02-10 08:54:08"}
{"level":"info","message":"Succes get data User","timestamp":"2026-02-10 08:54:19"}
{"level":"info","message":"GET /api/me 200 72 - 5.941 ms","timestamp":"2026-02-10 08:54:19"}
{"level":"info","message":"Succes get data User","timestamp":"2026-02-10 08:55:48"}
{"level":"info","message":"GET /api/me 200 72 - 24.767 ms","timestamp":"2026-02-10 08:55:48"}
{"level":"info","message":"User Success Login","timestamp":"2026-02-10 08:56:02","userEmail":"budi.pembflfdiff@example.com"}
{"level":"info","message":"GET /login 200 348 - 95.197 ms","timestamp":"2026-02-10 08:56:02"}
{"level":"info","message":"User Created","timestamp":"2026-02-10 17:30:07","userId":"a9598042-dbc9-44eb-bec8-e0898f12ddcf"}
{"level":"info","message":"POST /register 201 395 - 135.484 ms","timestamp":"2026-02-10 17:30:07"}
{"level":"info","message":"User Success Login","timestamp":"2026-02-10 17:30:12","userEmail":"budi.pembflfdiff@example.com"}
{"level":"info","message":"GET /login 200 348 - 69.320 ms","timestamp":"2026-02-10 17:30:12"}
{"level":"info","message":"Succes get data User","timestamp":"2026-02-10 17:30:40"}
{"level":"info","message":"GET /api/me 200 72 - 30.547 ms","timestamp":"2026-02-10 17:30:40"}
{"level":"info","message":"Succes get data User","timestamp":"2026-02-10 17:31:14"}
{"level":"info","message":"GET /api/me 200 72 - 29.156 ms","timestamp":"2026-02-10 17:31:14"}
{"level":"info","message":"Succes get data User","timestamp":"2026-02-10 17:32:17"}
{"level":"info","message":"GET /api/me 200 72 - 59.118 ms","timestamp":"2026-02-10 17:32:17"}
{"level":"info","message":"Succes get data User","timestamp":"2026-02-10 17:35:24"}
{"level":"info","message":"GET /api/me 200 72 - 94.769 ms","timestamp":"2026-02-10 17:35:24"}
{"level":"error","message":{"method":"GET","stack":"PrismaClientValidationError: \nInvalid `prisma.user.findUnique()` invocation in\n/app/src/repository/user.repository.ts:13:30\n\n  10 },\n  11 \n  12 async findByEmail(email: string) {\n→ 13   return await prisma.user.findUnique({\n         where: {\n           email: undefined,\n       ?   id?: String,\n       ?   phoneNumber?: String,\n       ?   AND?: UserWhereInput | UserWhereInput[],\n       ?   OR?: UserWhereInput[],\n       ?   NOT?: UserWhereInput | UserWhereInput[],\n       ?   fullName?: StringFilter | String,\n       ?   password?: StringFilter | String,\n       ?   role?: EnumRoleFilter | Role,\n       ?   profilePicture?: StringNullableFilter | String | Null,\n       ?   bio?: StringNullableFilter | String | Null,\n       ?   createdAt?: DateTimeFilter | DateTime,\n       ?   updatedAt?: DateTimeFilter | DateTime\n         }\n       })\n\nArgument `where` of type UserWhereUniqueInput needs at least one of `id`, `email` or `phoneNumber` arguments. Available options are marked with ?.\n    at In (/app/node_modules/@prisma/client/runtime/library.mjs:36:1367)\n    at handleRequestError (/app/node_modules/@prisma/client/runtime/library.mjs:128:6911)\n    at handleAndLogRequestError (/app/node_modules/@prisma/client/runtime/library.mjs:128:6593)\n    at request (/app/node_modules/@prisma/client/runtime/library.mjs:128:6300)\n    at processTicksAndRejections (native:7:39)","statusCode":500,"url":"/api/me"},"timestamp":"2026-02-10 17:42:58"}
{"level":"info","message":"GET /api/me 400 97 - 65.267 ms","timestamp":"2026-02-10 17:42:58"}
{"level":"info","message":"Succes get data User","timestamp":"2026-02-10 17:44:52","userId":"a9598042-dbc9-44eb-bec8-e0898f12ddcf"}
{"level":"info","message":"GET /api/me 200 407 - 64.705 ms","timestamp":"2026-02-10 17:44:52"}
{"level":"info","message":"PUT /api/update-user 401 60 - 3.100 ms","timestamp":"2026-02-10 17:45:18"}
{"level":"info","message":"PUT /api/update-user 401 60 - 1.435 ms","timestamp":"2026-02-10 17:45:34"}
{"level":"info","message":"PUT /api/update-user 401 60 - 0.772 ms","timestamp":"2026-02-10 17:45:38"}
{"level":"info","message":"PUT /api/update-user 401 60 - 0.809 ms","timestamp":"2026-02-10 17:45:46"}
{"level":"error","message":{"method":"GET","stack":"TypeError: userRepository.findUserByEmailOrPhone is not a function. (In 'userRepository.findUserByEmailOrPhone(userData.email)', 'userRepository.findUserByEmailOrPhone' is undefined)\n    at login (/app/src/services/auth.service.ts:39:46)\n    at login (/app/src/controllers/auth.controller.ts:27:39)\n    at handleRequest (/app/node_modules/router/lib/layer.js:152:17)\n    at next (/app/node_modules/router/lib/route.js:157:13)\n    at dispatch (/app/node_modules/router/lib/route.js:117:3)\n    at handle (/app/node_modules/router/index.js:435:11)\n    at handleRequest (/app/node_modules/router/lib/layer.js:152:17)\n    at <anonymous> (/app/node_modules/router/index.js:295:15)\n    at next (/app/node_modules/router/index.js:291:5)\n    at handle (/app/node_modules/router/index.js:186:3)\n    at router (/app/node_modules/router/index.js:60:12)\n    at handleRequest (/app/node_modules/router/lib/layer.js:152:17)\n    at trimPrefix (/app/node_modules/router/index.js:342:13)\n    at <anonymous> (/app/node_modules/router/index.js:297:9)\n    at next (/app/node_modules/router/index.js:291:5)\n    at logger (/app/node_modules/morgan/index.js:144:5)\n    at handleRequest (/app/node_modules/router/lib/layer.js:152:17)\n    at trimPrefix (/app/node_modules/router/index.js:342:13)\n    at <anonymous> (/app/node_modules/router/index.js:297:9)\n    at next (/app/node_modules/router/index.js:291:5)\n    at cors (/app/node_modules/cors/lib/index.js:188:7)\n    at <anonymous> (/app/node_modules/cors/lib/index.js:224:17)\n    at originCallback (/app/node_modules/cors/lib/index.js:214:15)\n    at <anonymous> (/app/node_modules/cors/lib/index.js:219:13)\n    at optionsCallback (/app/node_modules/cors/lib/index.js:199:9)\n    at corsMiddleware (/app/node_modules/cors/lib/index.js:204:7)\n    at handleRequest (/app/node_modules/router/lib/layer.js:152:17)\n    at trimPrefix (/app/node_modules/router/index.js:342:13)\n    at <anonymous> (/app/node_modules/router/index.js:297:9)\n    at next (/app/node_modules/router/index.js:291:5)\n    at <anonymous> (/app/node_modules/body-parser/lib/read.js:171:5)\n    at runInAsyncScope (node:async_hooks:137:23)\n    at invokeCallback (/app/node_modules/raw-body/index.js:238:16)\n    at done (/app/node_modules/raw-body/index.js:227:7)\n    at onEnd (/app/node_modules/raw-body/index.js:287:7)\n    at emit (node:events:92:22)\n    at endReadableNT (internal:streams/readable:861:50)\n    at processTicksAndRejections (native:7:39)","statusCode":500,"url":"/login"},"timestamp":"2026-02-10 17:46:17"}
{"level":"info","message":"GET /login 500 219 - 10.395 ms","timestamp":"2026-02-10 17:46:17"}
{"level":"info","message":"User Success Login","timestamp":"2026-02-10 17:47:10","userEmail":"budi.pembflfdiff@example.com"}
{"level":"info","message":"GET /login 200 348 - 147.025 ms","timestamp":"2026-02-10 17:47:10"}
{"level":"info","message":"PUT /api/update-user 401 60 - 11.821 ms","timestamp":"2026-02-10 17:47:28"}
{"level":"info","message":"Succes get data User","timestamp":"2026-02-10 17:47:56","userId":"a9598042-dbc9-44eb-bec8-e0898f12ddcf"}
{"level":"info","message":"GET /api/me 200 407 - 24.111 ms","timestamp":"2026-02-10 17:47:56"}
{"level":"info","message":"PUT /api/update-user 401 60 - 7.226 ms","timestamp":"2026-02-10 17:48:36"}
{"level":"info","message":"PUT /api/update-user 401 60 - 4.272 ms","timestamp":"2026-02-10 17:51:30"}
{"level":"info","message":"PUT /api/update-user 401 60 - 6.954 ms","timestamp":"2026-02-10 17:52:22"}
{"level":"info","message":"PUT /api/update-user 401 66 - 18.437 ms","timestamp":"2026-02-10 17:54:55"}
{"level":"info","message":"PUT /api/update-user 401 60 - 10.103 ms","timestamp":"2026-02-10 18:02:34"}
{"level":"info","message":"User Updated","timestamp":"2026-02-10 18:10:22","userId":"a9598042-dbc9-44eb-bec8-e0898f12ddcf"}
{"level":"info","message":"PUT /api/update-user 200 465 - 86.439 ms","timestamp":"2026-02-10 18:10:22"}
{"level":"info","message":"Succes get data User","timestamp":"2026-02-10 18:20:26"}
{"level":"info","message":"GET /api/me 200 72 - 69.355 ms","timestamp":"2026-02-10 18:20:26"}
{"level":"error","message":{"method":"GET","stack":"Error: Email Not Registered\n    at login (/app/src/services/auth.service.ts:38:19)\n    at processTicksAndRejections (native:7:39)","statusCode":401,"url":"/login"},"timestamp":"2026-02-10 18:20:51"}
{"level":"info","message":"GET /login 401 68 - 19.247 ms","timestamp":"2026-02-10 18:20:51"}
{"level":"info","message":"User Created","timestamp":"2026-02-10 18:20:57","userId":"f04a5f9c-99b1-444f-9dc2-85228e761905"}
{"level":"info","message":"POST /register 201 395 - 110.524 ms","timestamp":"2026-02-10 18:20:57"}
{"level":"info","message":"User Success Login","timestamp":"2026-02-10 18:21:01","userEmail":"budi.pembflfdiff@example.com"}
{"level":"info","message":"GET /login 200 348 - 96.908 ms","timestamp":"2026-02-10 18:21:01"}
{"level":"info","message":"Succes get data User","timestamp":"2026-02-10 18:21:23","userId":"f04a5f9c-99b1-444f-9dc2-85228e761905"}
{"level":"info","message":"GET /api/me 200 407 - 52.116 ms","timestamp":"2026-02-10 18:21:23"}
{"level":"info","message":"User Updated","timestamp":"2026-02-10 18:21:31","userId":"f04a5f9c-99b1-444f-9dc2-85228e761905"}
{"level":"info","message":"PUT /api/update-user 200 465 - 28.970 ms","timestamp":"2026-02-10 18:21:31"}
{"level":"info","message":"Succes get data User","timestamp":"2026-02-10 18:40:40"}
{"level":"info","message":"GET /api/me 200 72 - 60.093 ms","timestamp":"2026-02-10 18:40:40"}
{"level":"error","message":{"method":"GET","stack":"Error: Email Not Registered\n    at login (/app/src/services/auth.service.ts:38:19)\n    at processTicksAndRejections (native:7:39)","statusCode":401,"url":"/login"},"timestamp":"2026-02-10 18:40:51"}
{"level":"info","message":"GET /login 401 68 - 19.915 ms","timestamp":"2026-02-10 18:40:51"}
{"level":"info","message":"User Created","timestamp":"2026-02-10 18:40:55","userId":"859c9e1b-0c9d-43bb-a671-bfb89d19b02e"}
{"level":"info","message":"POST /register 201 395 - 90.851 ms","timestamp":"2026-02-10 18:40:55"}
{"level":"info","message":"User Success Login","timestamp":"2026-02-10 18:41:02","userEmail":"budi.pembflfdiff@example.com"}
{"level":"info","message":"GET /login 200 348 - 89.249 ms","timestamp":"2026-02-10 18:41:02"}
{"level":"info","message":"Succes get data User","timestamp":"2026-02-10 18:41:25","userId":"859c9e1b-0c9d-43bb-a671-bfb89d19b02e"}
{"level":"info","message":"GET /api/me 200 407 - 27.153 ms","timestamp":"2026-02-10 18:41:25"}
{"level":"info","message":"User Success Login","timestamp":"2026-02-10 18:41:57","userEmail":"budi.pembflfdiff@example.com"}
{"level":"info","message":"GET /login 200 348 - 95.597 ms","timestamp":"2026-02-10 18:41:57"}
{"level":"info","message":"Succes get data User","timestamp":"2026-02-10 18:42:15","userId":"859c9e1b-0c9d-43bb-a671-bfb89d19b02e"}
{"level":"info","message":"GET /api/me 200 407 - 25.795 ms","timestamp":"2026-02-10 18:42:15"}
{"level":"info","message":"User Created","timestamp":"2026-02-10 19:04:19","userId":"ea9d462b-eeb2-4f53-9baf-8b55fcb3c6bf"}
{"level":"info","message":"POST /register 201 395 - 132.169 ms","timestamp":"2026-02-10 19:04:19"}
{"level":"info","message":"User Success Login","timestamp":"2026-02-10 19:04:23","userEmail":"budi.pembflfdiff@example.com"}
{"level":"info","message":"GET /login 200 348 - 105.952 ms","timestamp":"2026-02-10 19:04:23"}
{"level":"info","message":"User Success Login","timestamp":"2026-02-10 19:05:23","userEmail":"budi.pembflfdiff@example.com"}
{"level":"info","message":"GET /login 200 348 - 85.533 ms","timestamp":"2026-02-10 19:05:23"}
{"level":"error","message":{"method":"POST","stack":"Error: This Email or Phone Number Already Registered\n    at register (/app/src/services/auth.service.ts:14:19)\n    at processTicksAndRejections (native:7:39)","statusCode":400,"url":"/register"},"timestamp":"2026-02-10 20:08:41"}
{"level":"info","message":"POST /register 400 93 - 136.405 ms","timestamp":"2026-02-10 20:08:41"}
{"level":"info","message":"User Created","timestamp":"2026-02-10 20:49:21","userId":"3a604beb-d1d1-4cf9-9f16-1d22b24d4554"}
{"level":"info","message":"POST /register 201 395 - 241.919 ms","timestamp":"2026-02-10 20:49:21"}
{"level":"info","message":"User Success Login","timestamp":"2026-02-10 20:49:27","userEmail":"budi.pembflfdiff@example.com"}
{"level":"info","message":"GET /login 200 348 - 140.790 ms","timestamp":"2026-02-10 20:49:27"}
{"level":"info","message":"User Created","timestamp":"2026-02-10 22:29:32","userId":"0d7666c9-fe68-464a-8e92-17fba4b66bc1"}
{"level":"info","message":"POST /register 201 395 - 225.930 ms","timestamp":"2026-02-10 22:29:32"}
{"level":"info","message":"User Success Login","timestamp":"2026-02-10 22:31:52","userEmail":"budi.pembflfdiff@example.com"}
{"level":"info","message":"GET /login 200 348 - 483.591 ms","timestamp":"2026-02-10 22:31:52"}
{"level":"info","message":"User Success Login","timestamp":"2026-02-10 22:32:31","userEmail":"budi.pembflfdiff@example.com"}
{"level":"info","message":"GET /login 200 348 - 149.338 ms","timestamp":"2026-02-10 22:32:31"}
